// Jest Snapshot v1, https://goo.gl/fbAQLP

exports[`Pruebas en FirstApp2 debe de hacer match con el snapshot 1`] = `
<div>
  <h1
    data-testid="test-title"
  >
    Hola, soy Goku!
  </h1>
  <p>
    Este es un subtitulo por defecto
  </p>
  <p>
    Este es un subtitulo por defecto
  </p>
  <p>
    2
  </p>
</div>
`;
